Archive member included to satisfy reference by file (symbol)

c:/program files (x86)/atmel/studio/7.0/toolchain/arm/arm-gnu-toolchain/bin/../lib/gcc/arm-none-eabi/6.3.1/thumb/v6-m\libgcc.a(_udivsi3.o)
                              config_sercom0.o (__aeabi_uidiv)
c:/program files (x86)/atmel/studio/7.0/toolchain/arm/arm-gnu-toolchain/bin/../lib/gcc/arm-none-eabi/6.3.1/thumb/v6-m\libgcc.a(_dvmd_tls.o)
                              c:/program files (x86)/atmel/studio/7.0/toolchain/arm/arm-gnu-toolchain/bin/../lib/gcc/arm-none-eabi/6.3.1/thumb/v6-m\libgcc.a(_udivsi3.o) (__aeabi_idiv0)
c:/program files (x86)/atmel/studio/7.0/toolchain/arm/arm-gnu-toolchain/bin/../lib/gcc/arm-none-eabi/6.3.1/../../../../arm-none-eabi/lib/thumb/v6-m\libc.a(lib_a-exit.o)
                              c:/program files (x86)/atmel/studio/7.0/toolchain/arm/arm-gnu-toolchain/bin/../lib/gcc/arm-none-eabi/6.3.1/../../../../arm-none-eabi/lib/thumb/v6-m/crt0.o (exit)
c:/program files (x86)/atmel/studio/7.0/toolchain/arm/arm-gnu-toolchain/bin/../lib/gcc/arm-none-eabi/6.3.1/../../../../arm-none-eabi/lib/thumb/v6-m\libc.a(lib_a-impure.o)
                              c:/program files (x86)/atmel/studio/7.0/toolchain/arm/arm-gnu-toolchain/bin/../lib/gcc/arm-none-eabi/6.3.1/../../../../arm-none-eabi/lib/thumb/v6-m\libc.a(lib_a-exit.o) (_global_impure_ptr)
c:/program files (x86)/atmel/studio/7.0/toolchain/arm/arm-gnu-toolchain/bin/../lib/gcc/arm-none-eabi/6.3.1/../../../../arm-none-eabi/lib/thumb/v6-m\libc.a(lib_a-init.o)
                              c:/program files (x86)/atmel/studio/7.0/toolchain/arm/arm-gnu-toolchain/bin/../lib/gcc/arm-none-eabi/6.3.1/../../../../arm-none-eabi/lib/thumb/v6-m/crt0.o (__libc_init_array)
c:/program files (x86)/atmel/studio/7.0/toolchain/arm/arm-gnu-toolchain/bin/../lib/gcc/arm-none-eabi/6.3.1/../../../../arm-none-eabi/lib/thumb/v6-m\libc.a(lib_a-memset.o)
                              c:/program files (x86)/atmel/studio/7.0/toolchain/arm/arm-gnu-toolchain/bin/../lib/gcc/arm-none-eabi/6.3.1/../../../../arm-none-eabi/lib/thumb/v6-m/crt0.o (memset)
c:/program files (x86)/atmel/studio/7.0/toolchain/arm/arm-gnu-toolchain/bin/../lib/gcc/arm-none-eabi/6.3.1/../../../../arm-none-eabi/lib/thumb/v6-m\libc.a(lib_a-__call_atexit.o)
                              c:/program files (x86)/atmel/studio/7.0/toolchain/arm/arm-gnu-toolchain/bin/../lib/gcc/arm-none-eabi/6.3.1/../../../../arm-none-eabi/lib/thumb/v6-m\libc.a(lib_a-exit.o) (__call_exitprocs)
c:/program files (x86)/atmel/studio/7.0/toolchain/arm/arm-gnu-toolchain/bin/../lib/gcc/arm-none-eabi/6.3.1/../../../../arm-none-eabi/lib/thumb/v6-m\libc.a(lib_a-atexit.o)
                              c:/program files (x86)/atmel/studio/7.0/toolchain/arm/arm-gnu-toolchain/bin/../lib/gcc/arm-none-eabi/6.3.1/../../../../arm-none-eabi/lib/thumb/v6-m\libc.a(lib_a-__call_atexit.o) (atexit)
c:/program files (x86)/atmel/studio/7.0/toolchain/arm/arm-gnu-toolchain/bin/../lib/gcc/arm-none-eabi/6.3.1/../../../../arm-none-eabi/lib/thumb/v6-m\libc.a(lib_a-fini.o)
                              c:/program files (x86)/atmel/studio/7.0/toolchain/arm/arm-gnu-toolchain/bin/../lib/gcc/arm-none-eabi/6.3.1/../../../../arm-none-eabi/lib/thumb/v6-m\libc.a(lib_a-__call_atexit.o) (__libc_fini_array)
c:/program files (x86)/atmel/studio/7.0/toolchain/arm/arm-gnu-toolchain/bin/../lib/gcc/arm-none-eabi/6.3.1/../../../../arm-none-eabi/lib/thumb/v6-m\libc.a(lib_a-lock.o)
                              c:/program files (x86)/atmel/studio/7.0/toolchain/arm/arm-gnu-toolchain/bin/../lib/gcc/arm-none-eabi/6.3.1/../../../../arm-none-eabi/lib/thumb/v6-m\libc.a(lib_a-__call_atexit.o) (__retarget_lock_acquire_recursive)
c:/program files (x86)/atmel/studio/7.0/toolchain/arm/arm-gnu-toolchain/bin/../lib/gcc/arm-none-eabi/6.3.1/../../../../arm-none-eabi/lib/thumb/v6-m\libc.a(lib_a-__atexit.o)
                              c:/program files (x86)/atmel/studio/7.0/toolchain/arm/arm-gnu-toolchain/bin/../lib/gcc/arm-none-eabi/6.3.1/../../../../arm-none-eabi/lib/thumb/v6-m\libc.a(lib_a-atexit.o) (__register_exitproc)

Allocating common symbols
Common symbol       size              file

__lock___atexit_recursive_mutex
                    0x1               c:/program files (x86)/atmel/studio/7.0/toolchain/arm/arm-gnu-toolchain/bin/../lib/gcc/arm-none-eabi/6.3.1/../../../../arm-none-eabi/lib/thumb/v6-m\libc.a(lib_a-lock.o)
__lock___arc4random_mutex
                    0x1               c:/program files (x86)/atmel/studio/7.0/toolchain/arm/arm-gnu-toolchain/bin/../lib/gcc/arm-none-eabi/6.3.1/../../../../arm-none-eabi/lib/thumb/v6-m\libc.a(lib_a-lock.o)
__lock___env_recursive_mutex
                    0x1               c:/program files (x86)/atmel/studio/7.0/toolchain/arm/arm-gnu-toolchain/bin/../lib/gcc/arm-none-eabi/6.3.1/../../../../arm-none-eabi/lib/thumb/v6-m\libc.a(lib_a-lock.o)
__lock___sinit_recursive_mutex
[...]
Memory Configuration

Name             Origin             Length             Attributes
rom              0x00000000         0x00040000         xr
ram              0x20000000         0x00008000         xrw
*default*        0x00000000         0xffffffff

Linker script and memory map

LOAD c:/program files (x86)/atmel/studio/7.0/toolchain/arm/arm-gnu-toolchain/bin/../lib/gcc/arm-none-eabi/6.3.1/thumb/v6-m/crti.o
LOAD c:/program files (x86)/atmel/studio/7.0/toolchain/arm/arm-gnu-toolchain/bin/../lib/gcc/arm-none-eabi/6.3.1/thumb/v6-m/crtbegin.o
LOAD c:/program files (x86)/atmel/studio/7.0/toolchain/arm/arm-gnu-toolchain/bin/../lib/gcc/arm-none-eabi/6.3.1/../../../../arm-none-eabi/lib/thumb/v6-m/crt0.o
LOAD ad_converter.o
LOAD config_adc.o
LOAD config_EIC.o
LOAD config_gclk.o
LOAD config_pm.o
LOAD config_port.o
LOAD config_sercom0.o
LOAD Device_Startup/startup_samd21.o
LOAD Device_Startup/system_samd21.o
LOAD main.o
LOAD spi.o
START GROUP
LOAD c:/program files (x86)/atmel/studio/7.0/toolchain/arm/arm-gnu-toolchain/bin/../lib/gcc/arm-none-eabi/6.3.1/../../../../arm-none-eabi/lib/thumb/v6-m\libm.a
END GROUP
START GROUP
LOAD c:/program files (x86)/atmel/studio/7.0/toolchain/arm/arm-gnu-toolchain/bin/../lib/gcc/arm-none-eabi/6.3.1/thumb/v6-m\libgcc.a
LOAD c:/program files (x86)/atmel/studio/7.0/toolchain/arm/arm-gnu-toolchain/bin/../lib/gcc/arm-none-eabi/6.3.1/../../../../arm-none-eabi/lib/thumb/v6-m\libc.a
END GROUP
LOAD c:/program files (x86)/atmel/studio/7.0/toolchain/arm/arm-gnu-toolchain/bin/../lib/gcc/arm-none-eabi/6.3.1/thumb/v6-m/crtend.o
LOAD c:/program files (x86)/atmel/studio/7.0/toolchain/arm/arm-gnu-toolchain/bin/../lib/gcc/arm-none-eabi/6.3.1/thumb/v6-m/crtn.o
                0x00002000                STACK_SIZE = DEFINED (STACK_SIZE)?STACK_SIZE:DEFINED (__stack_size__)?__stack_size__:0x2000

.text           0x00000000      0x800
                0x00000000                . = ALIGN (0x4)
                0x00000000                _sfixed = .
 *(.vectors .vectors.*)
 .vectors       0x00000000       0xb4 Device_Startup/startup_samd21.o
                0x00000000                exception_table
 *(.text .text.* .gnu.linkonce.t.*)
 .text          0x000000b4       0x60 c:/program files (x86)/atmel/studio/7.0/toolchain/arm/arm-gnu-toolchain/bin/../lib/gcc/arm-none-eabi/6.3.1/thumb/v6-m/crtbegin.o
 .text.gclkCLKCTRL
                0x00000114       0x58 config_gclk.o
                0x00000114                gclkCLKCTRL
 .text.gclkInit
                0x0000016c       0x34 config_gclk.o
                0x0000016c                gclkInit
 .text.resetTCCModule
                0x000001a0       0x44 config_gclk.o
                0x000001a0                resetTCCModule
 .text.configureTCC
                0x000001e4       0x30 config_gclk.o
                0x000001e4                configureTCC
 .text.pwmInit  0x00000214       0x10 config_gclk.o
                0x00000214                pwmInit
 .text.pmAPBCMASK
                0x00000224       0x10 config_pm.o
                0x00000224                pmAPBCMASK
 .text.pmAPBAMASK
                0x00000234       0x10 config_pm.o
                0x00000234                pmAPBAMASK
 .text.pmInit   0x00000244       0x24 config_pm.o
                0x00000244                pmInit
 .text.portProps
                0x00000268       0x34 config_port.o
                0x00000268                portProps
 .text.portInit
                0x0000029c       0x70 config_port.o
                0x0000029c                portInit
 .text.sercom0Enable
                0x0000030c       0x1c config_sercom0.o
                0x0000030c                sercom0Enable
 .text.sercom0CTRLA
                0x00000328       0xf8 config_sercom0.o
                0x00000328                sercom0CTRLA
 .text.sercom0CTRLB
                0x00000420       0x8c config_sercom0.o
                0x00000420                sercom0CTRLB
 .text.sercom0Init
                0x000004ac       0x48 config_sercom0.o
                0x000004ac                sercom0Init
 .text.Dummy_Handler
                0x000004f4        0x2 Device_Startup/startup_samd21.o
                0x000004f4                SVCall_Handler
                0x000004f4                DMAC_Handler
                0x000004f4                HardFault_Handler
                0x000004f4                AC_Handler
                0x000004f4                SysTick_Handler
                0x000004f4                PendSV_Handler
                0x000004f4                SERCOM1_Handler
                0x000004f4                ADC_Handler
                0x000004f4                NonMaskableInt_Handler
                0x000004f4                TCC1_Handler
                0x000004f4                SERCOM2_Handler
                0x000004f4                TCC0_Handler
                0x000004f4                RTC_Handler
                0x000004f4                EIC_Handler
                0x000004f4                WDT_Handler
                0x000004f4                TC4_Handler
                0x000004f4                USB_Handler
                0x000004f4                TC3_Handler
                0x000004f4                Dummy_Handler
                0x000004f4                PM_Handler
                0x000004f4                SERCOM5_Handler
                0x000004f4                TCC2_Handler
                0x000004f4                EVSYS_Handler
                0x000004f4                SERCOM3_Handler
                0x000004f4                SERCOM4_Handler
                0x000004f4                I2S_Handler
                0x000004f4                NVMCTRL_Handler
                0x000004f4                SERCOM0_Handler
                0x000004f4                DAC_Handler
                0x000004f4                PTC_Handler
                0x000004f4                TC5_Handler
                0x000004f4                SYSCTRL_Handler
 *fill*         0x000004f6        0x2 
 .text.Reset_Handler
                0x000004f8       0xe4 Device_Startup/startup_samd21.o
                0x000004f8                Reset_Handler
 .text.SystemInit
                0x000005dc       0x10 Device_Startup/system_samd21.o
                0x000005dc                SystemInit
 .text.main     0x000005ec       0x4c main.o
                0x000005ec                main
 .text.__libc_init_array
                0x00000638       0x48 c:/program files (x86)/atmel/studio/7.0/toolchain/arm/arm-gnu-toolchain/bin/../lib/gcc/arm-none-eabi/6.3.1/../../../../arm-none-eabi/lib/thumb/v6-m\libc.a(lib_a-init.o)
                0x00000638                __libc_init_array
 .text.startup.register_fini
                0x00000680       0x18 c:/program files (x86)/atmel/studio/7.0/toolchain/arm/arm-gnu-toolchain/bin/../lib/gcc/arm-none-eabi/6.3.1/../../../../arm-none-eabi/lib/thumb/v6-m\libc.a(lib_a-__call_atexit.o)
 .text.atexit   0x00000698       0x10 c:/program files (x86)/atmel/studio/7.0/toolchain/arm/arm-gnu-toolchain/bin/../lib/gcc/arm-none-eabi/6.3.1/../../../../arm-none-eabi/lib/thumb/v6-m\libc.a(lib_a-atexit.o)
                0x00000698                atexit
 .text.__libc_fini_array
                0x000006a8       0x34 c:/program files (x86)/atmel/studio/7.0/toolchain/arm/arm-gnu-toolchain/bin/../lib/gcc/arm-none-eabi/6.3.1/../../../../arm-none-eabi/lib/thumb/v6-m\libc.a(lib_a-fini.o)
                0x000006a8                __libc_fini_array
 .text.__retarget_lock_acquire_recursive
                0x000006dc        0x4 c:/program files (x86)/atmel/studio/7.0/toolchain/arm/arm-gnu-toolchain/bin/../lib/gcc/arm-none-eabi/6.3.1/../../../../arm-none-eabi/lib/thumb/v6-m\libc.a(lib_a-lock.o)
                0x000006dc                __retarget_lock_acquire_recursive
 .text.__retarget_lock_release_recursive
                0x000006e0        0x4 c:/program files (x86)/atmel/studio/7.0/toolchain/arm/arm-gnu-toolchain/bin/../lib/gcc/arm-none-eabi/6.3.1/../../../../arm-none-eabi/lib/thumb/v6-m\libc.a(lib_a-lock.o)
                0x000006e0                __retarget_lock_release_recursive
 .text.__register_exitproc
                0x000006e4       0xf4 c:/program files (x86)/atmel/studio/7.0/toolchain/arm/arm-gnu-toolchain/bin/../lib/gcc/arm-none-eabi/6.3.1/../../../../arm-none-eabi/lib/thumb/v6-m\libc.a(lib_a-__atexit.o)
                0x000006e4                __register_exitproc
 *(.glue_7t)
 .glue_7t       0x000007d8        0x0 linker stubs
 *(.glue_7)
 .glue_7        0x000007d8        0x0 linker stubs
 *(.rodata .rodata* .gnu.linkonce.r.*)
 .rodata._global_impure_ptr
                0x000007d8        0x4 c:/program files (x86)/atmel/studio/7.0/toolchain/arm/arm-gnu-toolchain/bin/../lib/gcc/arm-none-eabi/6.3.1/../../../../arm-none-eabi/lib/thumb/v6-m\libc.a(lib_a-impure.o)
                0x000007d8                _global_impure_ptr
 *(.ARM.extab* .gnu.linkonce.armextab.*)
                0x000007dc                . = ALIGN (0x4)
 *(.init)
 .init          0x000007dc        0x4 c:/program files (x86)/atmel/studio/7.0/toolchain/arm/arm-gnu-toolchain/bin/../lib/gcc/arm-none-eabi/6.3.1/thumb/v6-m/crti.o
                0x000007dc                _init
 .init          0x000007e0        0x8 c:/program files (x86)/atmel/studio/7.0/toolchain/arm/arm-gnu-toolchain/bin/../lib/gcc/arm-none-eabi/6.3.1/thumb/v6-m/crtn.o
                0x000007e8                . = ALIGN (0x4)
                0x000007e8                __preinit_array_start = .
 *(.preinit_array)
                0x000007e8                __preinit_array_end = .
                0x000007e8                . = ALIGN (0x4)
                0x000007e8                __init_array_start = .
 *(SORT(.init_array.*))
 .init_array.00000
                0x000007e8        0x4 c:/program files (x86)/atmel/studio/7.0/toolchain/arm/arm-gnu-toolchain/bin/../lib/gcc/arm-none-eabi/6.3.1/../../../../arm-none-eabi/lib/thumb/v6-m\libc.a(lib_a-__call_atexit.o)
 *(.init_array)
 .init_array    0x000007ec        0x4 c:/program files (x86)/atmel/studio/7.0/toolchain/arm/arm-gnu-toolchain/bin/../lib/gcc/arm-none-eabi/6.3.1/thumb/v6-m/crtbegin.o
                0x000007f0                __init_array_end = .
                0x000007f0                . = ALIGN (0x4)
 *crtbegin.o(.ctors)
 *(EXCLUDE_FILE(*crtend.o) .ctors)
 *(SORT(.ctors.*))
 *crtend.o(.ctors)
                0x000007f0                . = ALIGN (0x4)
 *(.fini)
 .fini          0x000007f0        0x4 c:/program files (x86)/atmel/studio/7.0/toolchain/arm/arm-gnu-toolchain/bin/../lib/gcc/arm-none-eabi/6.3.1/thumb/v6-m/crti.o
                0x000007f0                _fini
 .fini          0x000007f4        0x8 c:/program files (x86)/atmel/studio/7.0/toolchain/arm/arm-gnu-toolchain/bin/../lib/gcc/arm-none-eabi/6.3.1/thumb/v6-m/crtn.o
                0x000007fc                . = ALIGN (0x4)
                0x000007fc                __fini_array_start = .
 *(.fini_array)
 .fini_array    0x000007fc        0x4 c:/program files (x86)/atmel/studio/7.0/toolchain/arm/arm-gnu-toolchain/bin/../lib/gcc/arm-none-eabi/6.3.1/thumb/v6-m/crtbegin.o
 *(SORT(.fini_array.*))
                0x00000800                __fini_array_end = .
 *crtbegin.o(.dtors)
 *(EXCLUDE_FILE(*crtend.o) .dtors)
 *(SORT(.dtors.*))
 *crtend.o(.dtors)
                0x00000800                . = ALIGN (0x4)
                0x00000800                _efixed = .
                [!provide]                PROVIDE (__exidx_start, .)

.vfp11_veneer   0x00000800        0x0
 .vfp11_veneer  0x00000800        0x0 linker stubs

.v4_bx          0x00000800        0x0
 .v4_bx         0x00000800        0x0 linker stubs

.iplt           0x00000800        0x0
 .iplt          0x00000800        0x0 c:/program files (x86)/atmel/studio/7.0/toolchain/arm/arm-gnu-toolchain/bin/../lib/gcc/arm-none-eabi/6.3.1/thumb/v6-m/crtbegin.o

.eh_frame       0x00000800        0x0
 .eh_frame      0x00000800        0x0 c:/program files (x86)/atmel/studio/7.0/toolchain/arm/arm-gnu-toolchain/bin/../lib/gcc/arm-none-eabi/6.3.1/thumb/v6-m/crtbegin.o

.rel.dyn        0x00000800        0x0
 .rel.iplt      0x00000800        0x0 c:/program files (x86)/atmel/studio/7.0/toolchain/arm/arm-gnu-toolchain/bin/../lib/gcc/arm-none-eabi/6.3.1/thumb/v6-m/crtbegin.o

.jcr            0x00000800        0x0
 .jcr           0x00000800        0x0 c:/program files (x86)/atmel/studio/7.0/toolchain/arm/arm-gnu-toolchain/bin/../lib/gcc/arm-none-eabi/6.3.1/thumb/v6-m/crtbegin.o

.igot.plt       0x00000800        0x0
 .igot.plt      0x00000800        0x0 c:/program files (x86)/atmel/studio/7.0/toolchain/arm/arm-gnu-toolchain/bin/../lib/gcc/arm-none-eabi/6.3.1/thumb/v6-m/crtbegin.o

.ARM.exidx
 *(.ARM.exidx* .gnu.linkonce.armexidx.*)
                [!provide]                PROVIDE (__exidx_end, .)
                0x00000800                . = ALIGN (0x4)
                0x00000800                _etext = .

.relocate       0x20000000      0x434 load address 0x00000800
                0x20000000                . = ALIGN (0x4)
                0x20000000                _srelocate = .
 *(.ramfunc .ramfunc.*)
 *(.data .data.*)
 .data          0x20000000        0x4 Device_Startup/system_samd21.o
                0x20000000                SystemCoreClock
 *fill*         0x20000004        0x4 
 .data.impure_data
                0x20000008      0x428 c:/program files (x86)/atmel/studio/7.0/toolchain/arm/arm-gnu-toolchain/bin/../lib/gcc/arm-none-eabi/6.3.1/../../../../arm-none-eabi/lib/thumb/v6-m\libc.a(lib_a-impure.o)
 .data.__atexit_recursive_mutex
                0x20000430        0x4 c:/program files (x86)/atmel/studio/7.0/toolchain/arm/arm-gnu-toolchain/bin/../lib/gcc/arm-none-eabi/6.3.1/../../../../arm-none-eabi/lib/thumb/v6-m\libc.a(lib_a-__call_atexit.o)
                0x20000430                __atexit_recursive_mutex
                0x20000434                . = ALIGN (0x4)
                0x20000434                _erelocate = .

.bss            0x20000434       0x40 load address 0x00000c34
                0x20000434                . = ALIGN (0x4)
                0x20000434                _sbss = .
                0x20000434                _szero = .
 *(.bss .bss.*)
 .bss           0x20000434       0x1c c:/program files (x86)/atmel/studio/7.0/toolchain/arm/arm-gnu-toolchain/bin/../lib/gcc/arm-none-eabi/6.3.1/thumb/v6-m/crtbegin.o
 *(COMMON)
 COMMON         0x20000450       0x21 c:/program files (x86)/atmel/studio/7.0/toolchain/arm/arm-gnu-toolchain/bin/../lib/gcc/arm-none-eabi/6.3.1/../../../../arm-none-eabi/lib/thumb/v6-m\libc.a(lib_a-lock.o)
                0x20000450                __lock___atexit_recursive_mutex
                0x20000454                __lock___arc4random_mutex
                0x20000458                __lock___env_recursive_mutex
                0x2000045c                __lock___sinit_recursive_mutex
                0x20000460                __lock___malloc_recursive_mutex
                0x20000464                __lock___at_quick_exit_mutex
                0x20000468                __lock___dd_hash_mutex
                0x2000046c                __lock___tz_mutex
                0x20000470                __lock___sfp_recursive_mutex
                0x20000474                . = ALIGN (0x4)
 *fill*         0x20000471        0x3 
                0x20000474                _ebss = .
                0x20000474                _ezero = .

.stack          0x20000474     0x2004 load address 0x00000c74
                0x20000478                . = ALIGN (0x8)
 *fill*         0x20000474        0x4 
                0x20000478                _sstack = .
                0x20002478                . = (. + STACK_SIZE)
 *fill*         0x20000478     0x2000 
                0x20002478                . = ALIGN (0x8)
                0x20002478                _estack = .
                0x20002478                . = ALIGN (0x4)
                0x20002478                _end = .
OUTPUT(2parcial_Microcontroladores.elf elf32-littlearm)

.ARM.attributes
                0x00000000       0x28
 .ARM.attributes
                0x00000000       0x1e c:/program files (x86)/atmel/studio/7.0/toolchain/arm/arm-gnu-toolchain/bin/../lib/gcc/arm-none-eabi/6.3.1/thumb/v6-m/crti.o
 .ARM.attributes
                0x0000001e       0x2c c:/program files (x86)/atmel/studio/7.0/toolchain/arm/arm-gnu-toolchain/bin/../lib/gcc/arm-none-eabi/6.3.1/thumb/v6-m/crtbegin.o
 .ARM.attributes
                0x0000004a       0x32 config_gclk.o
 .ARM.attributes
                0x0000007c       0x32 config_pm.o
 .ARM.attributes
                0x000000ae       0x32 config_port.o
 .ARM.attributes
                0x000000e0       0x32 config_sercom0.o
 .ARM.attributes
                0x00000112       0x32 Device_Startup/startup_samd21.o
 .ARM.attributes
                0x00000144       0x32 Device_Startup/system_samd21.o
 .ARM.attributes
                0x00000176       0x32 main.o
 .ARM.attributes
                0x000001a8       0x2c c:/program files (x86)/atmel/studio/7.0/toolchain/arm/arm-gnu-toolchain/bin/../lib/gcc/arm-none-eabi/6.3.1/../../../../arm-none-eabi/lib/thumb/v6-m\libc.a(lib_a-impure.o)
 .ARM.attributes
                0x000001d4       0x2c c:/program files (x86)/atmel/studio/7.0/toolchain/arm/arm-gnu-toolchain/bin/../lib/gcc/arm-none-eabi/6.3.1/../../../../arm-none-eabi/lib/thumb/v6-m\libc.a(lib_a-init.o)
 .ARM.attributes
                0x00000200       0x2c c:/program files (x86)/atmel/studio/7.0/toolchain/arm/arm-gnu-toolchain/bin/../lib/gcc/arm-none-eabi/6.3.1/../../../../arm-none-eabi/lib/thumb/v6-m\libc.a(lib_a-__call_atexit.o)
 .ARM.attributes
                0x0000022c       0x2c c:/program files (x86)/atmel/studio/7.0/toolchain/arm/arm-gnu-toolchain/bin/../lib/gcc/arm-none-eabi/6.3.1/../../../../arm-none-eabi/lib/thumb/v6-m\libc.a(lib_a-atexit.o)
 .ARM.attributes
                0x00000258       0x2c c:/program files (x86)/atmel/studio/7.0/toolchain/arm/arm-gnu-toolchain/bin/../lib/gcc/arm-none-eabi/6.3.1/../../../../arm-none-eabi/lib/thumb/v6-m\libc.a(lib_a-fini.o)
 .ARM.attributes
                0x00000284       0x2c c:/program files (x86)/atmel/studio/7.0/toolchain/arm/arm-gnu-toolchain/bin/../lib/gcc/arm-none-eabi/6.3.1/../../../../arm-none-eabi/lib/thumb/v6-m\libc.a(lib_a-lock.o)
 .ARM.attributes
                0x000002b0       0x2c c:/program files (x86)/atmel/studio/7.0/toolchain/arm/arm-gnu-toolchain/bin/../lib/gcc/arm-none-eabi/6.3.1/../../../../arm-none-eabi/lib/thumb/v6-m\libc.a(lib_a-__atexit.o)
 .ARM.attributes
                0x000002dc       0x1e c:/program files (x86)/atmel/studio/7.0/toolchain/arm/arm-gnu-toolchain/bin/../lib/gcc/arm-none-eabi/6.3.1/thumb/v6-m/crtn.o

.comment        0x00000000       0x59
 .comment       0x00000000       0x59 config_gclk.o
                                 0x5a (size before relaxing)
 .comment       0x00000059       0x5a config_pm.o
 .comment       0x00000059       0x5a config_port.o
 .comment       0x00000059       0x5a config_sercom0.o
 .comment       0x00000059       0x5a Device_Startup/startup_samd21.o
 .comment       0x00000059       0x5a Device_Startup/system_samd21.o
 .comment       0x00000059       0x5a main.o

.debug_info     0x00000000     0x9b3c
 .debug_info    0x00000000     0x2979 config_gclk.o
 .debug_info    0x00002979      0xa00 config_pm.o
 .debug_info    0x00003379      0xa22 config_port.o
 .debug_info    0x00003d9b     0x2092 config_sercom0.o
 .debug_info    0x00005e2d     0x3a28 Device_Startup/startup_samd21.o
 .debug_info    0x00009855       0xd5 Device_Startup/system_samd21.o
 .debug_info    0x0000992a      0x212 main.o

.debug_abbrev   0x00000000      0xb17
 .debug_abbrev  0x00000000      0x1eb config_gclk.o
 .debug_abbrev  0x000001eb      0x186 config_pm.o
 .debug_abbrev  0x00000371      0x20b config_port.o
 .debug_abbrev  0x0000057c      0x217 config_sercom0.o
 .debug_abbrev  0x00000793      0x234 Device_Startup/startup_samd21.o
 .debug_abbrev  0x000009c7       0x72 Device_Startup/system_samd21.o
 .debug_abbrev  0x00000a39       0xde main.o

.debug_loc      0x00000000      0x819
 .debug_loc     0x00000000       0xc4 config_gclk.o
 .debug_loc     0x000000c4       0x62 config_pm.o
 .debug_loc     0x00000126      0x385 config_port.o
 .debug_loc     0x000004ab      0x2ee config_sercom0.o
 .debug_loc     0x00000799       0x40 Device_Startup/startup_samd21.o
 .debug_loc     0x000007d9       0x40 main.o

.debug_aranges  0x00000000      0x160
 .debug_aranges
                0x00000000       0x40 config_gclk.o
 .debug_aranges
                0x00000040       0x30 config_pm.o
 .debug_aranges
                0x00000070       0x38 config_port.o
 .debug_aranges
                0x000000a8       0x40 config_sercom0.o
 .debug_aranges
                0x000000e8       0x28 Device_Startup/startup_samd21.o
 .debug_aranges
                0x00000110       0x28 Device_Startup/system_samd21.o
 .debug_aranges
                0x00000138       0x28 main.o

.debug_ranges   0x00000000       0xf0
 .debug_ranges  0x00000000       0x30 config_gclk.o
 .debug_ranges  0x00000030       0x20 config_pm.o
 .debug_ranges  0x00000050       0x28 config_port.o
 .debug_ranges  0x00000078       0x30 config_sercom0.o
 .debug_ranges  0x000000a8       0x18 Device_Startup/startup_samd21.o
 .debug_ranges  0x000000c0       0x18 Device_Startup/system_samd21.o
 .debug_ranges  0x000000d8       0x18 main.o

.debug_macro    0x00000000     0x1546
 .debug_macro   0x00000000      0x2f6 config_gclk.o
 .debug_macro   0x000002f6       0x16 config_gclk.o
 .debug_macro   0x0000030c      0x2f6 config_pm.o
 .debug_macro   0x00000602       0x10 config_pm.o
 .debug_macro   0x00000612      0x2f6 config_port.o
 .debug_macro   0x00000908       0x16 config_port.o
 .debug_macro   0x0000091e      0x2f6 config_sercom0.o
 .debug_macro   0x00000c14       0x1c config_sercom0.o
 .debug_macro   0x00000c30      0x2ed Device_Startup/startup_samd21.o
 .debug_macro   0x00000f1d      0x2f3 Device_Startup/system_samd21.o
 .debug_macro   0x00001210      0x320 main.o
 .debug_macro   0x00001530       0x16 main.o

.debug_line     0x00000000     0x30d7
 .debug_line    0x00000000      0x728 config_gclk.o
 .debug_line    0x00000728      0x6d8 config_pm.o
 .debug_line    0x00000e00      0x704 config_port.o
 .debug_line    0x00001504      0x721 config_sercom0.o
 .debug_line    0x00001c25      0x6df Device_Startup/startup_samd21.o
 .debug_line    0x00002304      0x6ca Device_Startup/system_samd21.o
 .debug_line    0x000029ce      0x709 main.o

.debug_str      0x00000000    0x6ed48
 .debug_str     0x00000000    0x6d1f7 config_gclk.o
                              0x6d588 (size before relaxing)
 .debug_str     0x0006d1f7      0x287 config_pm.o
                              0x6cf05 (size before relaxing)
 .debug_str     0x0006d47e       0xdc config_port.o
                              0x6ce39 (size before relaxing)
 .debug_str     0x0006d55a      0x6f7 config_sercom0.o
                              0x6d404 (size before relaxing)
 .debug_str     0x0006dc51     0x1036 Device_Startup/startup_samd21.o
                              0x6ddec (size before relaxing)
 .debug_str     0x0006ec87       0x5c Device_Startup/system_samd21.o
                              0x6cc70 (size before relaxing)
 .debug_str     0x0006ece3       0x65 main.o
                              0x6cdb4 (size before relaxing)

.debug_frame    0x00000000      0x420
 .debug_frame   0x00000000       0x74 config_gclk.o
 .debug_frame   0x00000074       0x48 config_pm.o
 .debug_frame   0x000000bc       0x64 config_port.o
 .debug_frame   0x00000120       0x94 config_sercom0.o
 .debug_frame   0x000001b4       0x40 Device_Startup/startup_samd21.o
 .debug_frame   0x000001f4       0x30 Device_Startup/system_samd21.o
 .debug_frame   0x00000224       0x3c main.o
 .debug_frame   0x00000260       0x2c c:/program files (x86)/atmel/studio/7.0/toolchain/arm/arm-gnu-toolchain/bin/../lib/gcc/arm-none-eabi/6.3.1/../../../../arm-none-eabi/lib/thumb/v6-m\libc.a(lib_a-init.o)
 .debug_frame   0x0000028c       0x54 c:/program files (x86)/atmel/studio/7.0/toolchain/arm/arm-gnu-toolchain/bin/../lib/gcc/arm-none-eabi/6.3.1/../../../../arm-none-eabi/lib/thumb/v6-m\libc.a(lib_a-__call_atexit.o)
 .debug_frame   0x000002e0       0x28 c:/program files (x86)/atmel/studio/7.0/toolchain/arm/arm-gnu-toolchain/bin/../lib/gcc/arm-none-eabi/6.3.1/../../../../arm-none-eabi/lib/thumb/v6-m\libc.a(lib_a-atexit.o)
 .debug_frame   0x00000308       0x2c c:/program files (x86)/atmel/studio/7.0/toolchain/arm/arm-gnu-toolchain/bin/../lib/gcc/arm-none-eabi/6.3.1/../../../../arm-none-eabi/lib/thumb/v6-m\libc.a(lib_a-fini.o)
 .debug_frame   0x00000334       0xb0 c:/program files (x86)/atmel/studio/7.0/toolchain/arm/arm-gnu-toolchain/bin/../lib/gcc/arm-none-eabi/6.3.1/../../../../arm-none-eabi/lib/thumb/v6-m\libc.a(lib_a-lock.o)
 .debug_frame   0x000003e4       0x3c c:/program files (x86)/atmel/studio/7.0/toolchain/arm/arm-gnu-toolchain/bin/../lib/gcc/arm-none-eabi/6.3.1/../../../../arm-none-eabi/lib/thumb/v6-m\libc.a(lib_a-__atexit.o)
